// Vitest Snapshot v1, https://vitest.dev/guide/snapshot.html

exports[`snapshots > results for "components" 1`] = `
{
  "libsql": [
    {
      "id": "section-6",
      "preview": "# Views  ## \`app.vue\`  ![The app.vue file is the entry point of your application",
      "score": "0.264",
    },
    {
      "id": "section-13",
      "preview": "# State Management  Nuxt provides the [\`useState\`](https://nuxt.com/docs/4.x/api",
      "score": "0.215",
    },
    {
      "id": "section-0",
      "preview": "# Introduction  Nuxt is a free and [open-source framework](https://github.com/nu",
      "score": "0.207",
    },
    {
      "id": "section-7",
      "preview": "# Assets  Nuxt uses two directories to handle assets like stylesheets, fonts or ",
      "score": "0.191",
    },
    {
      "id": "section-9",
      "preview": "# Routing  One core feature of Nuxt is the file system router. Every Vue file in",
      "score": "0.183",
    },
  ],
  "sqlite-fts": [
    {
      "id": "section-23",
      "preview": "# Run tests in watch mode npx vitest --watch \`\`\`  ::warning When you run your te",
      "score": "0.789",
    },
    {
      "id": "section-6",
      "preview": "# Views  ## \`app.vue\`  ![The app.vue file is the entry point of your application",
      "score": "0.790",
    },
    {
      "id": "section-16",
      "preview": "# Layers  One of the core features of Nuxt is the layers and extending support. ",
      "score": "0.793",
    },
    {
      "id": "section-9",
      "preview": "# Routing  One core feature of Nuxt is the file system router. Every Vue file in",
      "score": "0.795",
    },
    {
      "id": "section-10",
      "preview": "# SEO and Meta  Nuxt head tag management is powered by [Unhead](https://unhead.u",
      "score": "0.801",
    },
  ],
  "sqlite-vec": [
    {
      "id": "section-6",
      "preview": "# Views  ## \`app.vue\`  ![The app.vue file is the entry point of your application",
      "score": "0.452",
    },
    {
      "id": "section-13",
      "preview": "# State Management  Nuxt provides the [\`useState\`](https://nuxt.com/docs/4.x/api",
      "score": "0.444",
    },
    {
      "id": "section-0",
      "preview": "# Introduction  Nuxt is a free and [open-source framework](https://github.com/nu",
      "score": "0.443",
    },
    {
      "id": "section-7",
      "preview": "# Assets  Nuxt uses two directories to handle assets like stylesheets, fonts or ",
      "score": "0.440",
    },
    {
      "id": "section-9",
      "preview": "# Routing  One core feature of Nuxt is the file system router. Every Vue file in",
      "score": "0.439",
    },
  ],
}
`;

exports[`snapshots > results for "routing" 1`] = `
{
  "libsql": [
    {
      "id": "section-9",
      "preview": "# Routing  One core feature of Nuxt is the file system router. Every Vue file in",
      "score": "0.321",
    },
    {
      "id": "section-6",
      "preview": "# Views  ## \`app.vue\`  ![The app.vue file is the entry point of your application",
      "score": "0.206",
    },
    {
      "id": "section-0",
      "preview": "# Introduction  Nuxt is a free and [open-source framework](https://github.com/nu",
      "score": "0.191",
    },
    {
      "id": "section-11",
      "preview": "# Transitions  ::note Nuxt leverages Vue's [\`<Transition>\`](https://vuejs.org/gu",
      "score": "0.187",
    },
    {
      "id": "section-17",
      "preview": "# Prerendering  Nuxt allows for select pages from your application to be rendere",
      "score": "0.183",
    },
  ],
  "sqlite-fts": [
    {
      "id": "section-9",
      "preview": "# Routing  One core feature of Nuxt is the file system router. Every Vue file in",
      "score": "0.544",
    },
    {
      "id": "section-17",
      "preview": "# Prerendering  Nuxt allows for select pages from your application to be rendere",
      "score": "0.548",
    },
    {
      "id": "section-6",
      "preview": "# Views  ## \`app.vue\`  ![The app.vue file is the entry point of your application",
      "score": "0.561",
    },
    {
      "id": "section-15",
      "preview": "# Server  :read-more{to="https://nuxt.com/docs/4.x/directory-structure/server"} ",
      "score": "0.573",
    },
    {
      "id": "section-29",
      "preview": "# Using pinned version due to https://github.com/codemod/codemod/issues/1710 den",
      "score": "0.591",
    },
  ],
  "sqlite-vec": [
    {
      "id": "section-9",
      "preview": "# Routing  One core feature of Nuxt is the file system router. Every Vue file in",
      "score": "0.462",
    },
    {
      "id": "section-6",
      "preview": "# Views  ## \`app.vue\`  ![The app.vue file is the entry point of your application",
      "score": "0.443",
    },
    {
      "id": "section-0",
      "preview": "# Introduction  Nuxt is a free and [open-source framework](https://github.com/nu",
      "score": "0.440",
    },
    {
      "id": "section-11",
      "preview": "# Transitions  ::note Nuxt leverages Vue's [\`<Transition>\`](https://vuejs.org/gu",
      "score": "0.440",
    },
    {
      "id": "section-17",
      "preview": "# Prerendering  Nuxt allows for select pages from your application to be rendere",
      "score": "0.439",
    },
  ],
}
`;

exports[`snapshots > results for "server" 1`] = `
{
  "libsql": [
    {
      "id": "section-18",
      "preview": "# Deployment  A Nuxt application can be deployed on a Node.js server, pre-render",
      "score": "0.216",
    },
    {
      "id": "section-0",
      "preview": "# Introduction  Nuxt is a free and [open-source framework](https://github.com/nu",
      "score": "0.176",
    },
    {
      "id": "section-15",
      "preview": "# Server  :read-more{to="https://nuxt.com/docs/4.x/directory-structure/server"} ",
      "score": "0.175",
    },
    {
      "id": "section-12",
      "preview": "# Data Fetching  Nuxt comes with two composables and a built-in library to perfo",
      "score": "0.142",
    },
    {
      "id": "section-17",
      "preview": "# Prerendering  Nuxt allows for select pages from your application to be rendere",
      "score": "0.111",
    },
  ],
  "sqlite-fts": [
    {
      "id": "section-0",
      "preview": "# Introduction  Nuxt is a free and [open-source framework](https://github.com/nu",
      "score": "1.000",
    },
    {
      "id": "section-15",
      "preview": "# Server  :read-more{to="https://nuxt.com/docs/4.x/directory-structure/server"} ",
      "score": "1.000",
    },
    {
      "id": "section-18",
      "preview": "# Deployment  A Nuxt application can be deployed on a Node.js server, pre-render",
      "score": "1.000",
    },
    {
      "id": "section-14",
      "preview": "# Error Handling  Nuxt is a full-stack framework, which means there are several ",
      "score": "1.000",
    },
    {
      "id": "section-9",
      "preview": "# Routing  One core feature of Nuxt is the file system router. Every Vue file in",
      "score": "1.000",
    },
  ],
  "sqlite-vec": [
    {
      "id": "section-18",
      "preview": "# Deployment  A Nuxt application can be deployed on a Node.js server, pre-render",
      "score": "0.444",
    },
    {
      "id": "section-0",
      "preview": "# Introduction  Nuxt is a free and [open-source framework](https://github.com/nu",
      "score": "0.438",
    },
    {
      "id": "section-15",
      "preview": "# Server  :read-more{to="https://nuxt.com/docs/4.x/directory-structure/server"} ",
      "score": "0.438",
    },
    {
      "id": "section-12",
      "preview": "# Data Fetching  Nuxt comes with two composables and a built-in library to perfo",
      "score": "0.433",
    },
    {
      "id": "section-17",
      "preview": "# Prerendering  Nuxt allows for select pages from your application to be rendere",
      "score": "0.429",
    },
  ],
}
`;

exports[`snapshots > results for "state management" 1`] = `
{
  "libsql": [
    {
      "id": "section-13",
      "preview": "# State Management  Nuxt provides the [\`useState\`](https://nuxt.com/docs/4.x/api",
      "score": "0.203",
    },
    {
      "id": "section-14",
      "preview": "# Error Handling  Nuxt is a full-stack framework, which means there are several ",
      "score": "0.080",
    },
    {
      "id": "section-11",
      "preview": "# Transitions  ::note Nuxt leverages Vue's [\`<Transition>\`](https://vuejs.org/gu",
      "score": "0.071",
    },
    {
      "id": "section-9",
      "preview": "# Routing  One core feature of Nuxt is the file system router. Every Vue file in",
      "score": "0.065",
    },
    {
      "id": "section-12",
      "preview": "# Data Fetching  Nuxt comes with two composables and a built-in library to perfo",
      "score": "0.061",
    },
  ],
  "sqlite-fts": [
    {
      "id": "section-13",
      "preview": "# State Management  Nuxt provides the [\`useState\`](https://nuxt.com/docs/4.x/api",
      "score": "0.149",
    },
  ],
  "sqlite-vec": [
    {
      "id": "section-13",
      "preview": "# State Management  Nuxt provides the [\`useState\`](https://nuxt.com/docs/4.x/api",
      "score": "0.442",
    },
    {
      "id": "section-14",
      "preview": "# Error Handling  Nuxt is a full-stack framework, which means there are several ",
      "score": "0.424",
    },
    {
      "id": "section-11",
      "preview": "# Transitions  ::note Nuxt leverages Vue's [\`<Transition>\`](https://vuejs.org/gu",
      "score": "0.423",
    },
    {
      "id": "section-9",
      "preview": "# Routing  One core feature of Nuxt is the file system router. Every Vue file in",
      "score": "0.422",
    },
    {
      "id": "section-12",
      "preview": "# Data Fetching  Nuxt comes with two composables and a built-in library to perfo",
      "score": "0.422",
    },
  ],
}
`;
